// Jest Snapshot v1, https://goo.gl/fbAQLP

exports[`Pruebas en <FormValidateField /> debe de hacer match con el snapshot 1`] = `
<div>
  <div
    class="input-group mt-2"
  >
    <span
      class="input-group-text text-white bg-primary"
    >
      <i
        class="bi bi-person-fill fs-5"
      />
    </span>
    <input
      class="form-control"
      id="name"
      name="name"
      placeholder="nombre usuario"
      type="text"
      value=""
    />
  </div>
</div>
`;
